Archive member included because of file (symbol)

../../lib/gui/libgui.a(button.o)
                              file.o (create_button)
../../lib/gui/libgui.a(connection.o)
                              file.o (sig_connect)
../../lib/gui/libgui.a(grid.o)
                              file.o (create_grid)
../../lib/gui/libgui.a(widget.o)
                              ../../lib/gui/libgui.a(button.o) (widget_init)
../../lib/gui/libgui.a(window.o)
                              file.o (window_open)
../../lib/draw/libdraw.a(drawctx.o)
                              ../../lib/gui/libgui.a(button.o) (drawctx_init)
../../lib/draw/libdraw.a(font.o)
                              ../../lib/gui/libgui.a(button.o) (font_init)
../../lib/draw/libdraw.a(source.o)
                              ../../lib/gui/libgui.a(button.o) (source_init)
../../lib/draw/libdraw.a(surface.o)
                              ../../lib/gui/libgui.a(window.o) (surface_create)
../../lib/draw/libdraw.a(embedded.o)
                              ../../lib/draw/libdraw.a(font.o) (fd_embedded)
../../lib/draw/libdraw.a(font-8x16.o)
                              ../../lib/draw/libdraw.a(embedded.o) (fb_font_glyph)
../../lib/softrend/libsoftrend.a(compose.o)
                              ../../lib/draw/libdraw.a(drawctx.o) (compose_src)
../../lib/softrend/libsoftrend.a(filter.o)
                              ../../lib/draw/libdraw.a(source.o) (filter_nearest)
../../lib/softrend/libsoftrend.a(transform.o)
                              ../../lib/draw/libdraw.a(source.o) (transform_invert)
../../lib/c/libc.a(libc.o)    ../../lib/gui/libgui.a(window.o) (exit)
../../lib/c/libc.a(as.o)      ../../lib/draw/libdraw.a(surface.o) (as_area_create)
../../lib/c/libc.a(loc.o)     ../../lib/gui/libgui.a(window.o) (loc_service_get_id)
../../lib/c/libc.a(mem.o)     ../../lib/gui/libgui.a(grid.o) (memset)
../../lib/c/libc.a(str.o)     file.o (str_size)
../../lib/c/libc.a(str_error.o)
                              file.o (str_error)
../../lib/c/libc.a(fibril.o)  ../../lib/c/libc.a(libc.o) (fibril_setup)
../../lib/c/libc.a(fibril_synch.o)
                              ../../lib/gui/libgui.a(window.o) (fibril_mutex_initialize)
../../lib/c/libc.a(pcb.o)     ../../lib/c/libc.a(libc.o) (__pcb)
../../lib/c/libc.a(tls.o)     ../../lib/c/libc.a(fibril.o) (__make_tls)
../../lib/c/libc.a(task.o)    file.o (task_spawnl)
../../lib/c/libc.a(futex.o)   ../../lib/c/libc.a(fibril.o) (futex_down)
../../lib/c/libc.a(io.o)      ../../lib/c/libc.a(libc.o) (__stdio_init)
../../lib/c/libc.a(printf.o)  file.o (printf)
../../lib/c/libc.a(klog.o)    ../../lib/c/libc.a(io.o) (klog_write)
../../lib/c/libc.a(snprintf.o)
                              file.o (snprintf)
../../lib/c/libc.a(vprintf.o)
                              ../../lib/c/libc.a(printf.o) (vfprintf)
../../lib/c/libc.a(vsnprintf.o)
                              ../../lib/c/libc.a(snprintf.o) (vsnprintf)
../../lib/c/libc.a(printf_core.o)
                              ../../lib/c/libc.a(klog.o) (printf_core)
../../lib/c/libc.a(window.o)  ../../lib/gui/libgui.a(window.o) (win_register)
../../lib/c/libc.a(ieee_double.o)
                              ../../lib/c/libc.a(printf_core.o) (extract_ieee_double)
../../lib/c/libc.a(double_to_str.o)
                              ../../lib/c/libc.a(printf_core.o) (double_to_short_str)
../../lib/c/libc.a(malloc.o)  ../../lib/c/libc.a(libc.o) (__malloc_init)
../../lib/c/libc.a(ns.o)      ../../lib/c/libc.a(loc.o) (service_connect)
../../lib/c/libc.a(async.o)   ../../lib/c/libc.a(fibril_synch.o) (async_futex)
../../lib/c/libc.a(loader.o)  ../../lib/c/libc.a(task.o) (loader_connect)
../../lib/c/libc.a(hash_table.o)
                              ../../lib/c/libc.a(async.o) (hash_table_create)
../../lib/c/libc.a(prodcons.o)
                              ../../lib/gui/libgui.a(window.o) (prodcons_initialize)
../../lib/c/libc.a(time.o)    ../../lib/c/libc.a(fibril_synch.o) (tv_add)
../../lib/c/libc.a(vfs.o)     ../../lib/c/libc.a(loader.o) (vfs_exchange_begin)
../../lib/c/libc.a(canonify.o)
                              ../../lib/c/libc.a(vfs.o) (canonify)
../../lib/c/libc.a(stack.o)   ../../lib/c/libc.a(fibril.o) (stack_size_get)
../../lib/c/libc.a(stacktrace.o)
                              ../../lib/c/libc.a(fibril_synch.o) (stacktrace_print_fp_pc)
../../lib/c/libc.a(assert.o)  ../../lib/gui/libgui.a(grid.o) (assert_abort)
../../lib/c/libc.a(syscall.o)
                              /home/rishu/Desktop/clock/CROSSCOMPILER/HelenOS/uspace/lib/c/arch/ia32/src/entry.o (__syscall_fast_func)
../../lib/c/libc.a(fibril.o)  ../../lib/c/libc.a(fibril.o) (context_save)
../../lib/c/libc.a(tls.o)     ../../lib/c/libc.a(tls.o) (__alloc_tls)
../../lib/c/libc.a(stacktrace.o)
                              ../../lib/c/libc.a(stacktrace.o) (stacktrace_fp_valid)
../../lib/c/libc.a(stacktrace_asm.o)
                              ../../lib/c/libc.a(stacktrace.o) (stacktrace_prepare)
[...]
Memory Configuration

Name             Origin             Length             Attributes
*default*        0x00000000         0xffffffff

Linker script and memory map

LOAD /home/rishu/Desktop/clock/CROSSCOMPILER/HelenOS/uspace/lib/c/arch/ia32/src/entry.o
                0x00001094                . = (0x1000 + SIZEOF_HEADERS)

.init           0x00001094       0x2c
 *(.init)
 .init          0x00001094       0x2c /home/rishu/Desktop/clock/CROSSCOMPILER/HelenOS/uspace/lib/c/arch/ia32/src/entry.o
                0x00001094                __entry

.text           0x000010c0    0x2571c
 *(.text .text.*)
 .text          0x000010c0        0x0 /home/rishu/Desktop/clock/CROSSCOMPILER/HelenOS/uspace/lib/c/arch/ia32/src/entry.o
 .text          0x000010c0     0x169b file.o
 *fill*         0x0000275b        0x5 
 .text.startup  0x00002760      0x90d file.o
                0x00002760                main
 *fill*         0x0000306d        0x3 
 .text          0x00003070      0x524 ../../lib/gui/libgui.a(button.o)
                0x00003310                deinit_button
                0x00003350                init_button
                0x00003470                create_button
 *fill*         0x00003594        0xc 
 .text          0x000035a0      0x3c5 ../../lib/gui/libgui.a(connection.o)
                0x000035a0                sig_connect
                0x00003690                sig_disconnect
                0x00003770                sig_send
                0x000037f0                sig_post
 *fill*         0x00003965        0xb 
 .text          0x00003970      0x7b4 ../../lib/gui/libgui.a(grid.o)
                0x00003ee0                deinit_grid
                0x00003f10                init_grid
                0x00004010                create_grid
 *fill*         0x00004124        0xc 
 .text          0x00004130       0xf0 ../../lib/gui/libgui.a(widget.o)
                0x00004130                widget_init
                0x000041d0                widget_modify
                0x000041f0                widget_deinit
 .text          0x00004220     0x1412 ../../lib/gui/libgui.a(window.o)
                0x000052b0                window_open
                0x00005480                window_resize
                0x000054e0                window_refresh
                0x00005520                window_damage
                0x00005560                window_root
                0x00005570                window_exec
                0x000055d0                window_claim
                0x00005600                window_yield
                0x00005620                window_close
 *fill*         0x00005632        0xe 
 .text          0x00005640      0x503 ../../lib/draw/libdraw.a(drawctx.o)
                0x00005640                drawctx_init
                0x000056c0                drawctx_save
                0x00005730                drawctx_restore
                0x000057b0                drawctx_set_compose
                0x000057c0                drawctx_set_clip
                0x00005820                drawctx_set_mask
                0x00005830                drawctx_set_source
                0x00005840                drawctx_set_font
                0x00005850                drawctx_transfer
                0x00005ac0                drawctx_stroke
                0x00005af0                drawctx_fill
                0x00005b00                drawctx_print
 *fill*         0x00005b43        0xd 
 .text          0x00005b50      0x439 ../../lib/draw/libdraw.a(font.o)
                0x00005b50                font_init
                0x00005c10                font_release
                0x00005c80                font_get_box
                0x00005da0                font_draw_text
 *fill*         0x00005f89        0x7 
 .text          0x00005f90      0x36d ../../lib/draw/libdraw.a(source.o)
                0x00005f90                source_init
                0x00005fe0                source_set_transform
                0x00006000                source_reset_transform
                0x00006010                source_set_filter
                0x00006020                source_set_color
                0x00006030                source_set_texture
                0x00006050                source_set_alpha
                0x00006060                source_set_mask
                0x00006080                source_is_fast
                0x000060c0                source_direct_access
                0x000061b0                source_determine_pixel
 *fill*         0x000062fd        0x3 
 .text          0x00006300      0x3d0 ../../lib/draw/libdraw.a(surface.o)
                0x00006300                surface_create
                0x000063f0                surface_destroy
                0x00006430                surface_is_shared
                0x00006440                surface_direct_access
                0x00006450                surface_pixmap_access
                0x00006460                surface_get_resolution
                0x000064c0                surface_get_damaged_region
                0x000065a0                surface_add_damaged_region
                0x00006600                surface_reset_damaged_region
                0x00006630                surface_put_pixel
                0x000066a0                surface_get_pixel
 .text          0x000066d0      0x469 ../../lib/draw/libdraw.a(embedded.o)
 *fill*         0x00006b39        0x7 
 .text          0x00006b40      0x89d ../../lib/draw/libdraw.a(font-8x16.o)
                0x00006b40                fb_font_glyph
 *fill*         0x000073dd        0x3 
 .text          0x000073e0      0x1d7 ../../lib/softrend/libsoftrend.a(compose.o)
                0x000073e0                compose_clr
                0x000073f0                compose_src
                0x00007400                compose_dst
                0x00007410                compose_over
                0x00007570                compose_in
                0x00007580                compose_out
                0x00007590                compose_atop
                0x000075a0                compose_xor
                0x000075b0                compose_add
 *fill*         0x000075b7        0x9 
 .text          0x000075c0       0xe7 ../../lib/softrend/libsoftrend.a(filter.o)
                0x000075c0                filter_nearest
                0x00007690                filter_bilinear
                0x000076a0                filter_bicubic
 *fill*         0x000076a7        0x9 
 .text          0x000076b0      0x813 ../../lib/softrend/libsoftrend.a(transform.o)
                0x000076b0                transform_multiply
                0x000077b0                transform_invert
                0x00007890                transform_identity
                0x000078c0                transform_translate
                0x000079d0                transform_scale
                0x00007ae0                transform_rotate
                0x00007d80                transform_is_fast
                0x00007e60                transform_apply_linear
                0x00007e90                transform_apply_affine
 *fill*         0x00007ec3        0xd 
 .text          0x00007ed0      0x18c ../../lib/c/libc.a(libc.o)
                0x00007ed0                exit
                0x00007f50                abort
                0x00007fa0                __main
 *fill*         0x0000805c        0x4 
 .text          0x00008060      0x183 ../../lib/c/libc.a(as.o)
                0x00008060                as_area_create
                0x000080b0                as_area_resize
                0x00008100                as_area_destroy
                0x00008150                as_area_change_flags
                0x000081a0                as_get_physical_mapping
 *fill*         0x000081e3        0xd 
 .text          0x000081f0     0x296b ../../lib/c/libc.a(loc.o)
                0x000088d0                loc_exchange_begin_blocking
                0x00008ad0                loc_exchange_begin
                0x00008bc0                loc_exchange_end
                0x00008bd0                loc_server_register
                0x00008e10                loc_service_register_with_iface
                0x00008fe0                loc_service_register
                0x000091b0                loc_service_unregister
                0x00009320                loc_service_get_id
                0x00009580                loc_category_get_name
                0x000095a0                loc_service_get_name
                0x000095c0                loc_service_get_server_name
                0x000095e0                loc_namespace_get_id
                0x00009840                loc_category_get_id
                0x00009aa0                loc_id_probe
                0x00009c10                loc_service_connect
                0x00009c50                loc_null_create
                0x00009dc0                loc_null_destroy
                0x00009f20                loc_service_add_to_cat
                0x0000a090                loc_count_namespaces
                0x0000a200                loc_count_services
                0x0000a370                loc_get_namespaces
                0x0000a650                loc_get_services
                0x0000a930                loc_category_get_svcs
                0x0000a950                loc_get_categories
                0x0000a970                loc_register_cat_change_cb
 *fill*         0x0000ab5b        0x5 
 .text          0x0000ab60      0x6d7 ../../lib/c/libc.a(mem.o)
                0x0000ab60                memset
                0x0000ace0                memcpy
                0x0000aed0                memmove
                0x0000b200                bcmp
 *fill*         0x0000b237        0x9 
 .text          0x0000b240     0x3186 ../../lib/c/libc.a(str.o)
                0x0000b6b0                str_decode
                0x0000b7b0                str_decode_reverse
                0x0000ba00                chr_encode
                0x0000baf0                str_size
                0x0000bb10                wstr_size
                0x0000bb30                str_lsize
                0x0000bc20                str_nsize
                0x0000bc50                wstr_nsize
                0x0000bc90                wstr_lsize
                0x0000bcd0                str_length
                0x0000bdb0                wstr_length
                0x0000bdd0                str_nlength
                0x0000bed0                wstr_nlength
                0x0000bf10                chr_width
                0x0000bf20                str_width
                0x0000c000                ascii_check
                0x0000c010                chr_check
                0x0000c020                str_cmp
                0x0000c250                str_lcmp
                0x0000c4a0                str_test_prefix
                0x0000c6a0                str_cpy
                0x0000c890                str_ncpy
                0x0000cac0                str_append
                0x0000cb00                spascii_to_str
                0x0000cbb0                wstr_to_str
                0x0000cd00                utf16_to_str
                0x0000ceb0                str_to_utf16
                0x0000d030                wstr_to_astr
                0x0000d250                str_to_wstr
                0x0000d380                str_to_awstr
                0x0000d490                str_chr
                0x0000d590                str_rtrim
                0x0000d6c0                str_ltrim
                0x0000d7f0                str_rchr
                0x0000d8f0                wstr_linsert
                0x0000d950                wstr_remove
                0x0000d9a0                stricmp
                0x0000da50                strtol
                0x0000da90                str_dup
                0x0000daf0                str_ndup
                0x0000db60                strtoul
                0x0000db90                strtok_r
                0x0000ddd0                strtok
                0x0000de00                str_uint8_t
                0x0000dea0                str_uint16_t
                0x0000df40                str_uint32_t
                0x0000dfe0                str_uint64_t
                0x0000e060                str_size_t
                0x0000e100                order_suffix
                0x0000e2c0                bin_order_suffix
 *fill*         0x0000e3c6        0xa 
 .text          0x0000e3d0       0xab ../../lib/c/libc.a(str_error.o)
                0x0000e3d0                str_error
 *fill*         0x0000e47b        0x5 
 .text          0x0000e480      0x70b ../../lib/c/libc.a(fibril.o)
                0x0000e480                fibril_setup
                0x0000e500                fibril_teardown
                0x0000e5f0                fibril_switch
                0x0000e8e0                fibril_create
                0x0000e9f0                fibril_destroy
                0x0000ea20                fibril_add_ready
                0x0000ea90                fibril_add_manager
                0x0000eae0                fibril_remove_manager
                0x0000eb30                fibril_get_id
                0x0000eb40                fibril_inc_sercount
                0x0000eb60                fibril_dec_sercount
                0x0000eb80                fibril_get_sercount
 *fill*         0x0000eb8b        0x5 
 .text          0x0000eb90     0x14bb ../../lib/c/libc.a(fibril_synch.o)
                0x0000eda0                fibril_mutex_initialize
                0x0000edc0                fibril_mutex_lock
                0x0000ee90                fibril_mutex_trylock
                0x0000eee0                fibril_mutex_unlock
                0x0000eff0                fibril_mutex_is_locked
                0x0000f030                fibril_rwlock_initialize
                0x0000f060                fibril_rwlock_read_lock
                0x0000f140                fibril_rwlock_write_lock
                0x0000f220                fibril_rwlock_read_unlock
                0x0000f280                fibril_rwlock_write_unlock
                0x0000f300                fibril_rwlock_is_read_locked
                0x0000f340                fibril_rwlock_is_write_locked
                0x0000f3a0                fibril_rwlock_is_locked
                0x0000f430                fibril_condvar_initialize
                0x0000f440                fibril_condvar_wait_timeout
                0x0000fa10                fibril_condvar_wait
                0x0000fa60                fibril_condvar_signal
                0x0000fae0                fibril_condvar_broadcast
                0x0000fb70                fibril_timer_create
                0x0000fbf0                fibril_timer_destroy
                0x0000fd70                fibril_timer_set
                0x0000fee0                fibril_timer_clear
 *fill*         0x0001004b        0x1 
 .text          0x0001004c        0x0 ../../lib/c/libc.a(pcb.o)
 *fill*         0x0001004c        0x4 
 .text          0x00010050      0x122 ../../lib/c/libc.a(tls.o)
                0x00010050                __make_tls
                0x000100d0                __free_tls
                0x00010100                tls_alloc_variant_2
                0x00010150                tls_free_variant_2
 *fill*         0x00010172        0xe 
 .text          0x00010180      0x611 ../../lib/c/libc.a(task.o)
                0x00010180                task_get_id
                0x000101d0                task_set_name
                0x00010250                task_kill
                0x000102a0                task_spawnvf
                0x00010370                task_spawnv
                0x00010420                task_spawn
                0x00010520                task_spawnl
                0x00010630                task_wait
                0x00010710                task_retval
 *fill*         0x00010791        0xf 
 .text          0x000107a0       0xeb ../../lib/c/libc.a(futex.o)
                0x000107a0                futex_initialize
                0x000107b0                futex_trydown
                0x000107d0                futex_down
                0x00010830                futex_up
 *fill*         0x0001088b        0x5 
 .text          0x00010890     0x248d ../../lib/c/libc.a(io.o)
                0x00010960                __stdio_init
                0x00010bf0                __stdio_done
                0x00010dc0                setvbuf
                0x00010df0                fopen
                0x00010fe0                fdopen
                0x000110e0                fclose
                0x00011290                fread
                0x000114c0                fgetc
                0x00011740                fgets
                0x00011a70                getchar
                0x00011d30                fseek
                0x00011e70                ftell
                0x00011fa0                rewind
                0x000120d0                fflush
                0x000123c0                fwrite
                0x00012570                fputs
                0x00012720                puts
                0x000128d0                fputc
                0x00012a90                putchar
                0x00012c50                feof
                0x00012c60                ferror
                0x00012c70                clearerr
                0x00012c90                fileno
                0x00012cc0                fsession
                0x00012d00                fhandle
 *fill*         0x00012d1d        0x3 
 .text          0x00012d20       0x4a ../../lib/c/libc.a(printf.o)
                0x00012d20                fprintf
                0x00012d50                printf
 *fill*         0x00012d6a        0x6 
 .text          0x00012d70      0x276 ../../lib/c/libc.a(klog.o)
                0x00012e80                klog_write
                0x00012ed0                klog_update
                0x00012f20                klog_command
                0x00012f70                klog_printf
                0x00012fb0                klog_vprintf
 *fill*         0x00012fe6        0xa 
 .text          0x00012ff0       0x28 ../../lib/c/libc.a(snprintf.o)
                0x00012ff0                snprintf
 *fill*         0x00013018        0x8 
 .text          0x00013020      0x145 ../../lib/c/libc.a(vprintf.o)
                0x000130b0                vfprintf
                0x00013110                vprintf
 *fill*         0x00013165        0xb 
 .text          0x00013170      0x1cf ../../lib/c/libc.a(vsnprintf.o)
                0x000132f0                vsnprintf
 *fill*         0x0001333f        0x1 
 .text          0x00013340     0x261c ../../lib/c/libc.a(printf_core.o)
                0x00014290                printf_core
 *fill*         0x0001595c        0x4 
 .text          0x00015960      0x3c0 ../../lib/c/libc.a(window.o)
                0x00015960                win_register
                0x000159e0                win_get_event
                0x00015a80                win_damage
                0x00015b00                win_grab
                0x00015b80                win_resize
                0x00015c20                win_close
                0x00015ca0                win_close_request
 .text          0x00015d20       0xe5 ../../lib/c/libc.a(ieee_double.o)
                0x00015d20                extract_ieee_double
 *fill*         0x00015e05        0xb 
 .text          0x00015e10     0x14e5 ../../lib/c/libc.a(double_to_str.o)
                0x00015e10                double_to_short_str
                0x00016e30                double_to_fixed_str
 .text.unlikely
                0x000172f5       0x22 ../../lib/c/libc.a(double_to_str.o)
 *fill*         0x00017317        0x9 
 .text          0x00017320     0x13f0 ../../lib/c/libc.a(malloc.o)
                0x00017e90                __malloc_init
                0x00017f30                calloc
                0x00017f90                malloc
                0x00017fd0                memalign
                0x000180a0                free
                0x000182f0                realloc
                0x00018630                heap_check
 .text.unlikely
                0x00018710       0x2e ../../lib/c/libc.a(malloc.o)
 *fill*         0x0001873e        0x2 
 .text          0x00018740      0x364 ../../lib/c/libc.a(ns.o)
                0x00018740                service_register
                0x000187a0                service_connect
                0x00018820                service_connect_blocking
                0x000188a0                service_bind
                0x00018990                ns_ping
                0x00018a20                ns_intro
 *fill*         0x00018aa4        0xc 
 .text          0x00018ab0     0x4891 ../../lib/c/libc.a(async.o)
                0x00018ca0                reply_received
                0x000191b0                awaiter_initialize
                0x00019200                async_set_client_data_constructor
                0x00019240                async_set_client_data_destructor
                0x00019280                async_set_client_connection
                0x000192c0                async_set_interrupt_received
                0x000192d0                async_insert_timeout
                0x000194a0                async_get_call_timeout
                0x000196c0                async_get_client_data
                0x00019700                async_get_client_data_by_id
                0x000197e0                async_put_client_data_by_id
                0x00019950                async_new_connection
                0x00019d60                async_create_manager
                0x00019d90                async_destroy_manager
                0x00019da0                __async_init
                0x00019e70                async_send_fast
                0x00019f50                async_send_slow
                0x0001a040                async_wait_for
                0x0001a120                async_wait_timeout
                0x0001a290                async_forget
                0x0001a350                async_usleep
                0x0001a480                async_req_fast
                0x0001a680                async_req_slow
                0x0001a890                async_msg_0
                0x0001a8f0                async_msg_1
                0x0001a950                async_msg_2
                0x0001a9b0                async_msg_3
                0x0001aa10                async_msg_4
                0x0001aa70                async_msg_5
                0x0001aad0                async_answer_0
                0x0001ab10                async_answer_1
                0x0001ab50                async_answer_2
                0x0001ab90                async_answer_3
                0x0001abd0                async_answer_4
                0x0001abe0                async_answer_5
                0x0001abf0                async_forward_fast
                0x0001ac20                async_forward_slow
                0x0001ac70                async_connect_to_me
                0x0001aef0                async_clone_establish
                0x0001b160                async_connect_me_to
                0x0001b230                async_sess_args_set
                0x0001b250                async_connect_me_to_blocking
                0x0001b320                async_connect_kbox
                0x0001b3d0                async_hangup
                0x0001b4c0                async_poke
                0x0001b4d0                async_exchange_begin
                0x0001b840                async_exchange_end
                0x0001b8d0                async_share_in_start
                0x0001ba90                async_share_in_receive
                0x0001bb00                async_share_in_finalize
                0x0001bb40                async_share_out_start
                0x0001bce0                async_share_out_receive
                0x0001bd80                async_share_out_finalize
                0x0001bdc0                async_data_read
                0x0001bea0                async_data_read_start
                0x0001c040                async_data_read_receive
                0x0001c0a0                async_data_read_finalize
                0x0001c0e0                async_data_read_forward_fast
                0x0001c3c0                async_data_write_start
                0x0001c560                async_data_write_receive
                0x0001c5b0                async_data_write_finalize
                0x0001c5f0                async_data_write_accept
                0x0001c760                async_data_write_void
                0x0001c7a0                async_data_write_forward_fast
                0x0001ca80                async_exchange_clone
                0x0001cc30                async_clone_receive
                0x0001cd70                async_callback_receive
                0x0001ceb0                async_callback_receive_start
                0x0001cf40                async_state_change_start
                0x0001d100                async_state_change_receive
                0x0001d180                async_state_change_finalize
                0x0001d1c0                async_remote_state_acquire
                0x0001d1e0                async_remote_state_update
                0x0001d230                async_remote_state_release
                0x0001d280                async_remote_state_release_exchange
 .text.unlikely
                0x0001d341       0x44 ../../lib/c/libc.a(async.o)
 *fill*         0x0001d385        0xb 
 .text          0x0001d390      0x711 ../../lib/c/libc.a(loader.o)
                0x0001d390                loader_spawn
                0x0001d3f0                loader_connect
                0x0001d450                loader_get_task_id
                0x0001d500                loader_set_cwd
                0x0001d620                loader_set_pathname
                0x0001d700                loader_set_args
                0x0001d840                loader_set_files
                0x0001d950                loader_load_program
                0x0001d9e0                loader_run
                0x0001da80                loader_abort
 *fill*         0x0001daa1        0xf 
 .text          0x0001dab0      0xc34 ../../lib/c/libc.a(hash_table.o)
                0x0001dc30                hash_table_create
                0x0001dd60                hash_table_destroy
                0x0001de70                hash_table_empty
                0x0001deb0                hash_table_size
                0x0001def0                hash_table_clear
                0x0001e010                hash_table_insert
                0x0001e0e0                hash_table_insert_unique
                0x0001e240                hash_table_find
                0x0001e2e0                hash_table_find_next
                0x0001e390                hash_table_remove
                0x0001e4c0                hash_table_remove_item
                0x0001e5a0                hash_table_apply
 *fill*         0x0001e6e4        0xc 
 .text          0x0001e6f0       0xf6 ../../lib/c/libc.a(prodcons.o)
                0x0001e6f0                prodcons_initialize
                0x0001e720                prodcons_produce
                0x0001e770                prodcons_consume
 *fill*         0x0001e7e6        0xa 
 .text          0x0001e7f0     0x1906 ../../lib/c/libc.a(time.o)
                0x0001f020                tv_add
                0x0001f080                tv_sub
                0x0001f0c0                tv_gt
                0x0001f0f0                tv_gteq
                0x0001f120                getuptime
                0x0001f1f0                gettimeofday
                0x0001f3b0                time
                0x0001f3f0                usleep
                0x0001f440                udelay
                0x0001f490                sleep
                0x0001f510                mktime
                0x0001f580                strftime
                0x0001fdd0                time_utc2tm
                0x0001fe40                time_utc2str
                0x0001ff10                time_tm2str
                0x0001ffc0                time_local2tm
                0x00020010                time_local2str
                0x000200e0                difftime
 *fill*         0x000200f6        0xa 
 .text          0x00020100     0x236d ../../lib/c/libc.a(vfs.o)
                0x00020100                vfs_exchange_begin
                0x00020170                vfs_exchange_end
                0x00020180                absolutize
                0x000203f0                mount
                0x00020730                unmount
                0x00020870                open
                0x000209b0                close
                0x00020a90                read
                0x00020ba0                write
                0x00020cc0                read_all
                0x00020e10                write_all
                0x00020f80                fsync
                0x00021060                lseek
                0x00021140                ftruncate
                0x00021220                fstat
                0x00021330                stat
                0x00021490                opendir
                0x00021600                readdir
                0x00021730                rewinddir
                0x00021810                closedir
                0x000218f0                mkdir
                0x00021a30                unlink
                0x00021a40                rmdir
                0x00021a60                rename
                0x00021c00                chdir
                0x00021e60                getcwd
                0x00021ee0                fd_session
                0x00022030                dup2
                0x00022110                fd_wait
                0x000221f0                get_mtab_list
 *fill*         0x0002246d        0x3 
 .text          0x00022470      0x279 ../../lib/c/libc.a(canonify.o)
                0x00022560                canonify
 *fill*         0x000226e9        0x7 
 .text          0x000226f0       0x31 ../../lib/c/libc.a(stack.o)
                0x000226f0                stack_size_get
 *fill*         0x00022721        0xf 
 .text          0x00022730      0x139 ../../lib/c/libc.a(stacktrace.o)
                0x00022750                stacktrace_print_fp_pc
                0x000227d0                stacktrace_print
 *fill*         0x00022869        0x7 
 .text          0x00022870       0x5d ../../lib/c/libc.a(assert.o)
                0x00022870                assert_abort
 *fill*         0x000228cd        0x3 
 .text          0x000228d0       0x5b ../../lib/c/libc.a(syscall.o)
                0x000228d0                __syscall_slow
                0x000228f7                __syscall_fast
 *fill*         0x0002292b        0x1 
 .text          0x0002292c       0x4c ../../lib/c/libc.a(fibril.o)
                0x0002292c                context_save
                0x00022951                context_restore
 *fill*         0x00022978        0x8 
 .text          0x00022980       0x51 ../../lib/c/libc.a(tls.o)
                0x00022980                __alloc_tls
                0x00022990                __free_tls_arch
                0x000229a0                ___tls_get_addr
 *fill*         0x000229d1        0xf 
 .text          0x000229e0       0x4a ../../lib/c/libc.a(stacktrace.o)
                0x000229e0                stacktrace_fp_valid
                0x000229f0                stacktrace_fp_prev
                0x00022a10                stacktrace_ra_get
 *fill*         0x00022a2a        0x2 
 .text          0x00022a2c        0x8 ../../lib/c/libc.a(stacktrace_asm.o)
                0x00022a2c                stacktrace_prepare
                0x00022a2d                stacktrace_fp_get
                0x00022a30                stacktrace_pc_get
 *fill*         0x00022a34        0xc 
 .text          0x00022a40      0x503 ../../lib/c/libc.a(ddi.o)
                0x00022a40                device_assign_devno
                0x00022a90                physmem_map
                0x00022ad0                dmamem_map
                0x00022b20                dmamem_map_anonymous
                0x00022b70                dmamem_unmap
                0x00022bc0                dmamem_unmap_anonymous
                0x00022c10                pio_enable
                0x00022d00                pio_write_8
                0x00022d50                pio_write_16
                0x00022da0                pio_write_32
                0x00022df0                pio_read_8
                0x00022e30                pio_read_16
                0x00022e70                pio_read_32
                0x00022eb0                irq_register
                0x00022f00                irq_unregister
 *fill*         0x00022f43        0xd 
 .text          0x00022f50      0x15a ../../lib/c/libc.a(clock_dev.o)
                0x00022f50                clock_dev_time_get
                0x00023000                clock_dev_time_set
 *fill*         0x000230aa        0x6 
 .text          0x000230b0       0x10 ../../lib/c/libc.a(errno.o)
                0x000230b0                __errno
 .text          0x000230c0      0x108 ../../lib/c/libc.a(power_of_ten.o)
                0x000230c0                get_power_of_ten
 *fill*         0x000231c8        0x8 
 .text          0x000231d0      0x36b ../../lib/c/libc.a(sysinfo.o)
                0x000231d0                sysinfo_get_keys
                0x000232b0                sysinfo_get_val_type
                0x00023310                sysinfo_get_value
                0x00023360                sysinfo_get_data
                0x00023440                sysinfo_get_property
 *fill*         0x0002353b        0x5 
 .text          0x00023540      0xab0 ../../lib/c/libc.a(ipc.o)
                0x00023680                ipc_call_async_fast
                0x000238d0                ipc_call_async_slow
                0x00023ab0                ipc_answer_fast
                0x00023af0                ipc_answer_slow
                0x00023b60                ipc_wait_cycle
                0x00023c60                ipc_poke
                0x00023cb0                ipc_wait_for_call_timeout
                0x00023da0                ipc_trywait_for_call
                0x00023ea0                ipc_hangup
                0x00023ef0                ipc_forward_fast
                0x00023f30                ipc_forward_slow
                0x00023fa0                ipc_connect_kbox
 .text          0x00023ff0      0x1cf ../../lib/c/libc.a(pio_trace.o)
                0x00023ff0                pio_trace_log
                0x000240b0                pio_trace_enable
                0x00024140                pio_trace_disable
 *fill*         0x000241bf        0x1 
 .text          0x000241c0      0x8e2 ../../lib/softint/libsoftint.a(division.o)
                0x000241c0                __divsi3
                0x00024240                __divdi3
                0x00024390                __udivsi3
                0x000243e0                __udivdi3
                0x000244d0                __modsi3
                0x00024530                __moddi3
                0x00024620                __umodsi3
                0x00024660                __umoddi3
                0x000246f0                __divmodsi3
                0x00024780                __udivmodsi3
                0x000247f0                __divmoddi3
                0x000249a0                __udivmoddi3
 *(.rodata .rodata.*)
 .rodata.str1.1
                0x00024aa2       0xaf file.o
 *fill*         0x00024b51        0x3 
 .rodata.str1.4
                0x00024b54       0x26 file.o
 .rodata.str1.1
                0x00024b7a       0x4b ../../lib/gui/libgui.a(grid.o)
 *fill*         0x00024bc5        0x3 
 .rodata        0x00024bc8       0x24 ../../lib/gui/libgui.a(window.o)
 .rodata.str1.1
                0x00024bec       0x12 ../../lib/draw/libdraw.a(drawctx.o)
 .rodata.str1.1
                0x00024bfe       0x23 ../../lib/draw/libdraw.a(font.o)
 .rodata.str1.1
                0x00024c21       0x20 ../../lib/draw/libdraw.a(source.o)
 *fill*         0x00024c41        0x3 
 .rodata.cst4   0x00024c44        0x4 ../../lib/draw/libdraw.a(source.o)
 .rodata.str1.1
                0x00024c48        0xc ../../lib/draw/libdraw.a(surface.o)
                                 0x1b (size before relaxing)
 .rodata.str1.1
                0x00024c54       0x1c ../../lib/draw/libdraw.a(embedded.o)
                                 0x21 (size before relaxing)
 .rodata.cst4   0x00024c70        0x4 ../../lib/draw/libdraw.a(embedded.o)
 *fill*         0x00024c74        0x4 
 .rodata.cst8   0x00024c78        0x8 ../../lib/draw/libdraw.a(embedded.o)
 .rodata.cst4   0x00024c80        0x4 ../../lib/softrend/libsoftrend.a(compose.o)
                                  0x8 (size before relaxing)
 .rodata.cst4   0x00024c84        0x4 ../../lib/softrend/libsoftrend.a(filter.o)
 .rodata.cst4   0x00000000        0x4 ../../lib/softrend/libsoftrend.a(transform.o)
 .rodata.cst8   0x00024c88       0x28 ../../lib/softrend/libsoftrend.a(transform.o)
 .rodata.str1.1
                0x00024cb0       0x2a ../../lib/c/libc.a(loc.o)
 .rodata.str1.1
                0x00024cda       0x59 ../../lib/c/libc.a(str.o)
                                 0x64 (size before relaxing)
 *fill*         0x00024d33        0xd 
 .rodata        0x00024d40      0x140 ../../lib/c/libc.a(str.o)
 .rodata.str1.1
                0x00024e80      0x190 ../../lib/c/libc.a(str_error.o)
 .rodata.str1.4
                0x00025010       0x21 ../../lib/c/libc.a(str_error.o)
 *fill*         0x00025031        0xf 
 .rodata        0x00025040       0x48 ../../lib/c/libc.a(str_error.o)
 .rodata.str1.1
                0x00025088       0x89 ../../lib/c/libc.a(fibril_synch.o)
 *fill*         0x00025111        0x3 
 .rodata.str1.4
                0x00025114       0xb3 ../../lib/c/libc.a(fibril_synch.o)
 .rodata.str1.1
                0x000251c7       0x21 ../../lib/c/libc.a(task.o)
 .rodata.str1.1
                0x000251e8       0x88 ../../lib/c/libc.a(printf_core.o)
 .rodata.str1.4
                0x00025270       0x26 ../../lib/c/libc.a(printf_core.o)
 *fill*         0x00025296        0x2 
 .rodata        0x00025298      0x23d ../../lib/c/libc.a(printf_core.o)
 .rodata.str1.1
                0x000254d5       0xd7 ../../lib/c/libc.a(double_to_str.o)
                                 0xe6 (size before relaxing)
 .rodata.str1.4
                0x000255ac      0x1d1 ../../lib/c/libc.a(double_to_str.o)
 .rodata.str1.1
                0x0002577d       0xf1 ../../lib/c/libc.a(malloc.o)
 *fill*         0x0002586e        0x2 
 .rodata.str1.4
                0x00025870      0x162 ../../lib/c/libc.a(malloc.o)
 .rodata.str1.1
                0x000259d2       0x8e ../../lib/c/libc.a(async.o)
                                 0x98 (size before relaxing)
 .rodata.str1.4
                0x00025a60       0xd8 ../../lib/c/libc.a(async.o)
 .rodata.str1.1
                0x00025b38        0x2 ../../lib/c/libc.a(loader.o)
 .rodata.str1.1
                0x00025b3a       0x5c ../../lib/c/libc.a(hash_table.o)
                                 0x60 (size before relaxing)
 *fill*         0x00025b96        0x2 
 .rodata.str1.4
                0x00025b98       0x99 ../../lib/c/libc.a(hash_table.o)
 .rodata.str1.1
                0x00025c31      0x1eb ../../lib/c/libc.a(time.o)
                                0x20b (size before relaxing)
 *fill*         0x00025e1c        0x4 
 .rodata        0x00025e20      0x32c ../../lib/c/libc.a(time.o)
 .rodata.str1.1
                0x0002614c        0x8 ../../lib/c/libc.a(vfs.o)
                                  0x9 (size before relaxing)
 *fill*         0x00026154        0xc 
 .rodata        0x00026160       0xc0 ../../lib/c/libc.a(canonify.o)
 .rodata.str1.1
                0x00026220       0x13 ../../lib/c/libc.a(stack.o)
 .rodata.str1.1
                0x00026233       0x24 ../../lib/c/libc.a(stacktrace.o)
 *fill*         0x00026257        0x1 
 .rodata.str1.4
                0x00026258       0x2e ../../lib/c/libc.a(assert.o)
 .rodata.str1.1
                0x00026286       0x17 ../../lib/c/libc.a(power_of_ten.o)
                                 0x1d (size before relaxing)
 *fill*         0x0002629d        0x3 
 .rodata.str1.4
                0x000262a0       0xa4 ../../lib/c/libc.a(power_of_ten.o)
 *fill*         0x00026344       0x1c 
 .rodata        0x00026360      0x468 ../../lib/c/libc.a(power_of_ten.o)
 .rodata.str1.1
                0x000267c8       0x14 ../../lib/c/libc.a(pio_trace.o)
                                 0x17 (size before relaxing)
                0x000277dc                . = (. + 0x1000)

.data           0x000277e0     0xb768
 *(.data)
 .data          0x000277e0        0x0 /home/rishu/Desktop/clock/CROSSCOMPILER/HelenOS/uspace/lib/c/arch/ia32/src/entry.o
 .data          0x000277e0        0x0 file.o
 .data          0x000277e0        0x0 ../../lib/gui/libgui.a(button.o)
 .data          0x000277e0       0x1c ../../lib/gui/libgui.a(connection.o)
 .data          0x000277fc        0x0 ../../lib/gui/libgui.a(grid.o)
 .data          0x000277fc        0x0 ../../lib/gui/libgui.a(widget.o)
 .data          0x000277fc        0x0 ../../lib/gui/libgui.a(window.o)
 .data          0x000277fc        0x0 ../../lib/draw/libdraw.a(drawctx.o)
 .data          0x000277fc        0x0 ../../lib/draw/libdraw.a(font.o)
 .data          0x000277fc        0x0 ../../lib/draw/libdraw.a(source.o)
 .data          0x000277fc        0x0 ../../lib/draw/libdraw.a(surface.o)
 .data          0x000277fc       0x10 ../../lib/draw/libdraw.a(embedded.o)
                0x000277fc                fd_embedded
 *fill*         0x0002780c       0x14 
 .data          0x00027820     0xb530 ../../lib/draw/libdraw.a(font-8x16.o)
                0x00027820                fb_font
 .data          0x00032d50        0x0 ../../lib/softrend/libsoftrend.a(compose.o)
 .data          0x00032d50        0x0 ../../lib/softrend/libsoftrend.a(filter.o)
 .data          0x00032d50        0x0 ../../lib/softrend/libsoftrend.a(transform.o)
 .data          0x00032d50        0x0 ../../lib/c/libc.a(libc.o)
 .data          0x00032d50        0x0 ../../lib/c/libc.a(as.o)
 .data          0x00032d50       0x50 ../../lib/c/libc.a(loc.o)
 .data          0x00032da0        0x0 ../../lib/c/libc.a(mem.o)
 .data          0x00032da0        0x0 ../../lib/c/libc.a(str.o)
 .data          0x00032da0        0x0 ../../lib/c/libc.a(str_error.o)
 .data          0x00032da0       0x1c ../../lib/c/libc.a(fibril.o)
 .data          0x00032dbc        0x0 ../../lib/c/libc.a(fibril_synch.o)
 .data          0x00032dbc        0x0 ../../lib/c/libc.a(pcb.o)
 .data          0x00032dbc        0x0 ../../lib/c/libc.a(tls.o)
 .data          0x00032dbc        0x0 ../../lib/c/libc.a(task.o)
 .data          0x00032dbc        0x0 ../../lib/c/libc.a(futex.o)
 *fill*         0x00032dbc        0x4 
 .data          0x00032dc0       0xb8 ../../lib/c/libc.a(io.o)
 .data          0x00032e78        0x0 ../../lib/c/libc.a(printf.o)
 .data          0x00032e78        0x0 ../../lib/c/libc.a(klog.o)
 .data          0x00032e78        0x0 ../../lib/c/libc.a(snprintf.o)
 .data          0x00032e78       0x10 ../../lib/c/libc.a(vprintf.o)
 .data          0x00032e88        0x0 ../../lib/c/libc.a(vsnprintf.o)
 .data          0x00032e88        0x0 ../../lib/c/libc.a(printf_core.o)
 .data          0x00032e88        0x0 ../../lib/c/libc.a(window.o)
 .data          0x00032e88        0x0 ../../lib/c/libc.a(ieee_double.o)
 .data          0x00032e88        0x0 ../../lib/c/libc.a(double_to_str.o)
 .data          0x00032e88        0x4 ../../lib/c/libc.a(malloc.o)
 .data          0x00032e8c        0x0 ../../lib/c/libc.a(ns.o)
 .data          0x00032e8c       0x64 ../../lib/c/libc.a(async.o)
                0x00032e8c                async_futex
 .data          0x00032ef0        0x0 ../../lib/c/libc.a(loader.o)
 .data          0x00032ef0        0x0 ../../lib/c/libc.a(hash_table.o)
 .data          0x00032ef0        0x0 ../../lib/c/libc.a(prodcons.o)
 .data          0x00032ef0        0x0 ../../lib/c/libc.a(time.o)
 .data          0x00032ef0       0x24 ../../lib/c/libc.a(vfs.o)
 .data          0x00032f14        0x0 ../../lib/c/libc.a(canonify.o)
 .data          0x00032f14        0x0 ../../lib/c/libc.a(stack.o)
 .data          0x00032f14        0x0 ../../lib/c/libc.a(stacktrace.o)
 .data          0x00032f14        0x0 ../../lib/c/libc.a(assert.o)
 .data          0x00032f14        0x4 ../../lib/c/libc.a(syscall.o)
                0x00032f14                __syscall_fast_func
 .data          0x00032f18        0x0 ../../lib/c/libc.a(fibril.o)
 .data          0x00032f18        0x0 ../../lib/c/libc.a(tls.o)
 .data          0x00032f18        0x0 ../../lib/c/libc.a(stacktrace.o)
 .data          0x00032f18        0x0 ../../lib/c/libc.a(stacktrace_asm.o)
 .data          0x00032f18        0x0 ../../lib/c/libc.a(ddi.o)
 .data          0x00032f18        0x0 ../../lib/c/libc.a(clock_dev.o)
 .data          0x00032f18        0x0 ../../lib/c/libc.a(errno.o)
 .data          0x00032f18        0x0 ../../lib/c/libc.a(power_of_ten.o)
 .data          0x00032f18        0x0 ../../lib/c/libc.a(sysinfo.o)
 .data          0x00032f18       0x14 ../../lib/c/libc.a(ipc.o)
                0x00032f18                queued_calls
                0x00032f20                dispatched_calls
 .data          0x00032f2c       0x1c ../../lib/c/libc.a(pio_trace.o)
 .data          0x00032f48        0x0 ../../lib/softint/libsoftint.a(division.o)

.tdata          0x00032f48       0x4c
                0x00032f48                _tdata_start = .
 *(.tdata)
 *(.gnu.linkonce.tb.*)
                0x00032f48                _tdata_end = .
                0x00032f48                _tbss_start = .
 *(.tbss)
 .tbss          0x00032f48       0x40 ../../lib/c/libc.a(str_error.o)
 .tbss          0x00032f88        0x4 ../../lib/c/libc.a(fibril.o)
 .tbss          0x00032f8c        0x4 ../../lib/c/libc.a(async.o)
 .tbss          0x00032f90        0x4 ../../lib/c/libc.a(errno.o)
                0x00032f94                _tbss_end = .
                0x00000004                _tls_alignment = ALIGNOF (.tdata)

.bss            0x00032f60      0x150
 *(.dynbss)
 *(COMMON)
 COMMON         0x00032f60        0x4 ../../lib/c/libc.a(pcb.o)
                0x00032f60                __pcb
 COMMON         0x00032f64        0x4 ../../lib/c/libc.a(async.o)
                0x00032f64                session_ns
 *(.bss)
 .bss           0x00032f68        0x0 /home/rishu/Desktop/clock/CROSSCOMPILER/HelenOS/uspace/lib/c/arch/ia32/src/entry.o
 *fill*         0x00032f68       0x18 
 .bss           0x00032f80       0x98 file.o
 .bss           0x00033018        0x0 ../../lib/gui/libgui.a(button.o)
 .bss           0x00033018        0x0 ../../lib/gui/libgui.a(connection.o)
 .bss           0x00033018        0x0 ../../lib/gui/libgui.a(grid.o)
 .bss           0x00033018        0x0 ../../lib/gui/libgui.a(widget.o)
 .bss           0x00033018        0x0 ../../lib/gui/libgui.a(window.o)
 .bss           0x00033018        0x0 ../../lib/draw/libdraw.a(drawctx.o)
 .bss           0x00033018        0x0 ../../lib/draw/libdraw.a(font.o)
 .bss           0x00033018        0x0 ../../lib/draw/libdraw.a(source.o)
 .bss           0x00033018        0x0 ../../lib/draw/libdraw.a(surface.o)
 .bss           0x00033018        0x0 ../../lib/draw/libdraw.a(embedded.o)
 .bss           0x00033018        0x0 ../../lib/draw/libdraw.a(font-8x16.o)
 .bss           0x00033018        0x0 ../../lib/softrend/libsoftrend.a(compose.o)
 .bss           0x00033018        0x0 ../../lib/softrend/libsoftrend.a(filter.o)
 .bss           0x00033018        0x0 ../../lib/softrend/libsoftrend.a(transform.o)
 .bss           0x00033018        0x1 ../../lib/c/libc.a(libc.o)
 *fill*         0x00033019        0x3 
 .bss           0x0003301c        0x0 ../../lib/c/libc.a(as.o)
 .bss           0x0003301c       0x15 ../../lib/c/libc.a(loc.o)
 *fill*         0x00033031        0x3 
 .bss           0x00033034        0x0 ../../lib/c/libc.a(mem.o)
 .bss           0x00033034        0x4 ../../lib/c/libc.a(str.o)
 .bss           0x00033038        0x0 ../../lib/c/libc.a(str_error.o)
 .bss           0x00033038        0x8 ../../lib/c/libc.a(fibril.o)
 .bss           0x00033040        0x0 ../../lib/c/libc.a(fibril_synch.o)
 .bss           0x00033040        0x0 ../../lib/c/libc.a(pcb.o)
 .bss           0x00033040        0x0 ../../lib/c/libc.a(tls.o)
 .bss           0x00033040        0x0 ../../lib/c/libc.a(task.o)
 .bss           0x00033040        0x0 ../../lib/c/libc.a(futex.o)
 .bss           0x00033040        0xc ../../lib/c/libc.a(io.o)
                0x00033040                stderr
                0x00033044                stdout
                0x00033048                stdin
 .bss           0x0003304c        0x0 ../../lib/c/libc.a(printf.o)
 .bss           0x0003304c        0x0 ../../lib/c/libc.a(klog.o)
 .bss           0x0003304c        0x0 ../../lib/c/libc.a(snprintf.o)
 .bss           0x0003304c        0x0 ../../lib/c/libc.a(vprintf.o)
 .bss           0x0003304c        0x0 ../../lib/c/libc.a(vsnprintf.o)
 .bss           0x0003304c        0x0 ../../lib/c/libc.a(printf_core.o)
 .bss           0x0003304c        0x0 ../../lib/c/libc.a(window.o)
 .bss           0x0003304c        0x0 ../../lib/c/libc.a(ieee_double.o)
 .bss           0x0003304c        0x0 ../../lib/c/libc.a(double_to_str.o)
 .bss           0x0003304c        0xc ../../lib/c/libc.a(malloc.o)
 .bss           0x00033058        0x0 ../../lib/c/libc.a(ns.o)
 .bss           0x00033058       0x3c ../../lib/c/libc.a(async.o)
                0x00033058                threads_in_ipc_wait
 .bss           0x00033094        0x0 ../../lib/c/libc.a(loader.o)
 .bss           0x00033094        0x0 ../../lib/c/libc.a(hash_table.o)
 .bss           0x00033094        0x0 ../../lib/c/libc.a(prodcons.o)
 .bss           0x00033094        0x8 ../../lib/c/libc.a(time.o)
                0x00033094                ktime
 .bss           0x0003309c        0xc ../../lib/c/libc.a(vfs.o)
 .bss           0x000330a8        0x0 ../../lib/c/libc.a(canonify.o)
 .bss           0x000330a8        0x4 ../../lib/c/libc.a(stack.o)
 .bss           0x000330ac        0x0 ../../lib/c/libc.a(stacktrace.o)
 .bss           0x000330ac        0x4 ../../lib/c/libc.a(assert.o)
 .bss           0x000330b0        0x0 ../../lib/c/libc.a(syscall.o)
 .bss           0x000330b0        0x0 ../../lib/c/libc.a(fibril.o)
 .bss           0x000330b0        0x0 ../../lib/c/libc.a(tls.o)
 .bss           0x000330b0        0x0 ../../lib/c/libc.a(stacktrace.o)
 .bss           0x000330b0        0x0 ../../lib/c/libc.a(stacktrace_asm.o)
 .bss           0x000330b0        0x0 ../../lib/c/libc.a(ddi.o)
 .bss           0x000330b0        0x0 ../../lib/c/libc.a(clock_dev.o)
 .bss           0x000330b0        0x0 ../../lib/c/libc.a(errno.o)
 .bss           0x000330b0        0x0 ../../lib/c/libc.a(power_of_ten.o)
 .bss           0x000330b0        0x0 ../../lib/c/libc.a(sysinfo.o)
 .bss           0x000330b0        0x0 ../../lib/c/libc.a(ipc.o)
 .bss           0x000330b0        0x0 ../../lib/c/libc.a(pio_trace.o)
 .bss           0x000330b0        0x0 ../../lib/softint/libsoftint.a(division.o)

/DISCARD/
 *(*)
LOAD file.o
LOAD ../../lib/gui/libgui.a
LOAD ../../lib/draw/libdraw.a
LOAD ../../lib/softrend/libsoftrend.a
LOAD ../../lib/softfloat/libsoftfloat.a
LOAD ../../lib/c/libc.a
LOAD ../../lib/softint/libsoftint.a
OUTPUT(fileexplorer elf32-i386)
